read_p50	14909
span	4
span	4
read_p50	14909
span	4
read_p50	14909
span	4
span	4
