189475::189475:0-8955	0	8955
188379::188379:0-1767	0	1685
9127::9127:0-2407	0	2407
189612::189612:0-6717	0	6717
40595::40595:0-1190	0	1190
190014::190014:0-13076	0	12854
182922::182922:0-2346	0	2346
190166::190166:0-118114	0	118114
182984::182984:0-5581	0	5581
190319::190319:0-4194	328	4194
183282::183282:0-25014	0	25014
190488::190488:0-17887	0	17887
188338::188338:0-10013	0	10013
190963::190963:0-27311	0	27311
188339::188339:0-4163	350	4163
