n	n:500	L50	min	N75	N50	N25	E-size	max	sum	name
3	2	1	4907	462255	462255	462255	457451	462255	467162	test_scaffolds1.k24.w100.tigmint-ntLink.longstitch-scaffolds.fa
