n	n:500	L50	min	N75	N50	N25	E-size	max	sum	name
4	4	1	1190	56584	163523	163523	123456	163523	248557	test_scaffolds2.k32.w150.tigmint-ntLink.longstitch-scaffolds.fa
