n	n:500	L50	min	N75	N50	N25	E-size	max	sum	name
3	3	1	1190	219125	219125	219125	196951	219125	247575	test_scaffolds2.k24.w150.tigmint-ntLink-arks.longstitch-scaffolds.fa
