U	V	Best_orientation	Shared_barcodes	U_barcodes	V_barcodes	All_barcodes
3+	4+	T	7	57	48	253
4-	3-	T	7	48	57	253
