n	n:500	L50	min	N75	N50	N25	E-size	max	sum	name
4	4	1	1190	56584	162541	162541	122653	162541	247575	test_scaffolds2.k24.w150.tigmint-ntLink.longstitch-scaffolds.fa
