#This correspondence test_scaffolds2.cut250.tigmint.fa.k24.w150.z1000.ntLink.scaffolds_c4_m8-10000_cut250_k20_r0.05_e30000_z1000_l4_a0.3.assembly_correspondence.tsv file lists the scaffold ID and contig ID used by LINKS (reported in the .scaffolds file), with the original contig name in the provided assembly file (-f test_scaffolds2.cut250.tigmint.fa.k24.w150.z1000.ntLink.scaffolds.renamed.fa)
LINKS_scaffold_ID	LINKS_contig_ID	original_name	orientation(f=forward/r=reverse)	number_of_links	links_ratio	gap_or_overlap(-)
scaffold1	4	4	r	7	0	100
scaffold1	3	3	f	NA	NA	NA
scaffold2	2	2	f	NA	NA	NA
scaffold3	1	1	f	NA	NA	NA
