n	n:500	L50	min	N75	N50	N25	E-size	max	sum	name
3	3	1	1190	220107	220107	220107	197908	220107	248557	test_scaffolds2.k32.w150.tigmint-ntLink-arks.longstitch-scaffolds.fa
